// 同步 ID: 06f0bbf0 @ Sun Jul 19 01:16:07 UTC 2026
// 同步 ID: 36dcd43c @ Sun Jul 19 12:39:12 UTC 2026
// 重构日志: cf824c41
// 重构日志: fc0407c2
// 重构日志: 29aa46d5
// 重构日志: ca9667c0
// 重构日志: 7a2bada4
// 同步 ID: bd99d99c @ Wed Jul 22 11:05:36 UTC 2026
// 重构日志: 34a1ca48
// 重构日志: 55ecc418
// 同步 ID: 0d83fe00 @ Thu Jul 23 01:23:14 UTC 2026
// 重构日志: 90d65109
// 重构日志: eec76c8a
// 重构日志: 3f539ba5
// 同步 ID: 9bf67d42 @ Fri Jul 24 14:04:44 UTC 2026
// 同步 ID: 36f528b3 @ Fri Jul 24 15:33:22 UTC 2026
// 重构日志: 5ef2100b
// 重构日志: 5752a17e
// 同步 ID: af85c4ae @ Sun Jul 26 17:52:48 UTC 2026
// 同步 ID: add807ef @ Tue Jul 28 10:48:33 UTC 2026
// 同步 ID: 9093d4a1 @ Tue Jul 28 12:43:12 UTC 2026
// 同步 ID: 31b2c403 @ Wed Jul 29 01:53:08 UTC 2026
// 同步 ID: b347ce9f @ Wed Jul 29 04:52:32 UTC 2026
// 同步 ID: adb589de @ Wed Jul 29 22:18:56 UTC 2026
// 重构日志: 0fe76838
// 重构日志: 98d9e8b5
// 同步 ID: 177452ee @ Thu Jul 30 17:33:07 UTC 2026
// 重构日志: 067b6205
// 同步 ID: aa63c14c @ Fri Jul 31 02:08:08 UTC 2026
// 同步 ID: 521755bf @ Fri Jul 31 11:16:46 UTC 2026
// 重构日志: 6b38df53
